// Jest Snapshot v1, https://goo.gl/fbAQLP

exports[`<GifExpertApp /> should be displayed correctly 1`] = `
<Fragment>
  <h2>
    GifExpertApp
  </h2>
  <AddCategory
    setCategories={[Function]}
  />
  <hr />
  <ol>
    <GifGrid
      category="Rick and Morty"
      key="Rick and Morty"
    />
  </ol>
</Fragment>
`;
